145 Trading Craft
-----------------
78 Free Traders
39 Deledan Ore Tugs
20 Alphan State Merchants
01 Elysian Trader
04 Mushima Star Super Barges
02 Stellar Engineering Super Barges
01 Stellar Engineering Spaceborne Refinery

Other Vessels
-------------
43 Manned Navigation Stations
01 Proximan Imperial Crusier
03 Alphan Research Vessels
01 Scout Vessel

Free Traders
------------
Sweet Lily
Rigel Sunrise
Starise
The Hell You Say
Black Maria
Jezebel
Wild Card
Kestrel
Kylian 
Rimshot
Bright Idea
Masque
Surrender None
KYFHO
TANSTAAFL
Bishop High
Penny Bright
Captain Freeling
Masada Ward[2]
Sodom's Light
3G
Single Faith
Hand of Charity
Icarus
Prince of Barsoom
Elysian Dragon[1]
Rover 2
Solar Freedom
Castaway's Luck
Elysian Freedom[1]
Terran Fears
Blue Jump
Angel's Test
Virgin Hawk
Monkey Wrench
Pilate's Dream
One Jump
New Life
Double Deuce
Gunga Din
Morris Deite
Sheild of Mars
Gypsy Feet
Stellar Dance
Kaor!
Precedium Arch
Will-O-Wisp
Second Sight
Dim Mak
Lefthand Thread
Silver Circlet
Wave Dancer
Single Toss
TouchStone
Bell of Antilles
Spirit of Salem
Linda's Guess
Double Vision
Dead Ringer
Pheonix of Venus
Flying Dutchman
Herald
Rolling Stone
Black Drop[3]
Up in Alms
Silent Running
Dream Weaver
Elysian Anthem[1]
Okada Knife
Carpe Diem
Carpe Noctem
Usher
Vegan Lynx
Illyrian
DaScat
Ducal Chariot
Rare Sight
Tocatta
Godspeed

Deledan Ore Tugs
-------------------
Known by standard registry numbers

Alphan State Merchanters
-------------------------
Maxon'arta
Jakarti'Garn
Kyrta'Raton
Op'nar'Ga
Loryn'Fa
Hurtym'Haz
Xyon'atk
Yrt'Narym
Rat'Imort
Jhik'Gan
Poryt'Negarth
Hagaz'Wik
Rap'Naga
Ryn'Hurt
Ym'Hax
Hax'Laka
Hrax'Atym
Urym'Jix
Koxhom'ter
Rakaz'Fark
Itim'Gret

Elysian Trader
---------------
Elysian Stance[5]

Mushima Star Super Barges
-------------------------
Titan
Zeus
Gorgon
Jupiter

Stellar Engineering Super Barges
--------------------------------
El Dorado
Rio Bravo

Stellar Engineering Spaceborne Refinery
---------------------------------------
Castellan 

Manned Navigation Stations
-----------------------------
ID'd by Nav-01 to Nav-56

Proximan Imperial Cruiser
-------------------------
The Kratista 
with 6 Combat Shuttles

Alphan Research Vessels
-----------------------
Xor'Tavk
Na'Kort
Taz'Kotam

Scout Vessel
------------
Kit Carson

[1] Ships created as a result of the Antilles Evacuation, granted Elysian Registry and Name
[2] The Masada Ward was a fairly well known Q-Ship during the Triculture war
[3] "Black Drop" is a MI term for a jump into unknown opposition
[4] "Blue Jump" is a blind transition 
[5] The Stance is visibly Armed
