h16511
s 00014/00000/00000
d D 1.1 99/12/02 15:59:51 jmochel 2 1
cC
cK43954
cO-rw-rw-rw-
e
s 00000/00000/00000
d D 1.0 99/12/02 15:59:48 jmochel 1 0
c BitKeeper file G:/SpaceHybrid/worlds/confed/ideas.lst
cBjmochel@devilmountain.bedford.foliage.com|ChangeSet|19991202203126|52994|e2968a7f5cb68f67
cHdevilmountain.bedford.foliage.com
cK44999
cPworlds/confed/ideas.lst
cReb47865e5cb68f68
cZ-05:00
c______________________________________________________________________
e
u
U
f e 0
f x 33
t
T
I 2
Elysia, having been colonised as a result of an arranged accident by
the Halycons, is dedicated to stopping the Halycons.

The Halycons, after a number of defeated attempts, gave up on preventing
the spread of humanity into space . They are now dedicated to "Human
space for humanity and such"

The Wiccan Daelis Lazarine counter Alphan plans often.

The Ifriti of <???> actively seek to destroy the "soul-less" artifacts.

Psych Mind-wipe is a technique known and used by the Halycons.


E 2
I 1
E 1
