 Ball and Chain                     spd:  8 Damage  13
 Bardiche                           spd: 12 Damage  14
 Bastard Sword                      spd: 10 Damage  13
 Battle Axe                         spd:  7 Damage  10
 Bo                                 spd: 11 Damage  19
 Bokken                             spd: 11 Damage  20
 Boomerang                          spd:  7 Damage  18
 Bullwhip                           spd: 11 Damage  14
 Cudgel                             spd:  8 Damage  15
 Francisca                          spd:  7 Damage  10
 Hatchet                            spd:  6 Damage   9
 Jo                                 spd:  9 Damage  18
 Katana                             spd: 11 Damage  15
 Kukri                              spd:  7 Damage  13
 Mace                               spd:  6 Damage  11
 Nunchaku                           spd:  7 Damage  13
 One Bladed Axe                     spd:  9 Damage  12
 One Sided Dagger                   spd:  6 Damage   9
 Pike                               spd: 15 Damage  11
 QuarterStaff                       spd: 10 Damage  17
 Saber                              spd:  7 Damage  11
 Sai                                spd:  7 Damage  13
 Short Sword                        spd:  7 Damage  11
 Two Bladed Axe                     spd:  8 Damage  10
 Two Sided Dagger                   spd:  6 Damage  13
 Zwiehander                         spd: 11 Damage  12
