Listing of Assassins Guilds of Ea 

Guild Name               Headmaster          City or Area


Slayer's BrotherHood     Soujourner          Caithnard
AKA Shadowjacks                                      
[]-----------------------------------------------------------------[]
- Tends to handle mostly pure killings and beatings


Wraith Guild             Chaman              Caithnard
[]-----------------------------------------------------------------[]
- A spying and sabotage oriented group 


Karitheen                Shiva               Caithnard
[]-----------------------------------------------------------------[]
- Specializes in the assassination of mages 


Silver Hand              Konon Dirk          Overlook Range
AKA Swallow's Guild
[]-----------------------------------------------------------------[]
- An honoured and strictly specialized bounty hunter group


Red Cloaks               Kareem Anoba        Kasan Desert
[]-----------------------------------------------------------------[]
- Also known as walkers under the sand.


Shivendar                Dawning Pheonix     Temeroth
[]-----------------------------------------------------------------[]
- All women grouping. Strong in Poisons and Stealth. 


Iga Ninja                Tomodachi Tsujima   Eyodo
[]-----------------------------------------------------------------[]
- Mage assassins. Little is known of their motivations.




