h01349
s 00132/00000/00000
d D 1.1 99/12/02 15:39:51 jmochel 2 1
cC
cK27660
cO-rw-rw-rw-
e
s 00000/00000/00000
d D 1.0 99/12/02 15:39:48 jmochel 1 0
c BitKeeper file G:/SpaceHybrid/Campaign/Karban/Hell/craft.lst
cBjmochel@devilmountain.bedford.foliage.com|ChangeSet|19991202203126|52994|e2968a7f5cb68f67
cHdevilmountain.bedford.foliage.com
cK44879
cPCampaign/Karban/Hell/craft.lst
cReb4785ef5cb68f68
cZ-05:00
c______________________________________________________________________
e
u
U
f e 0
f x 33
t
T
I 2
145 Trading Craft
-----------------
78 Free Traders
39 Deledan Ore Tugs
20 Alphan State Merchants
01 Elysian Trader
04 Mushima Star Super Barges
02 Stellar Engineering Super Barges
01 Stellar Engineering Spaceborne Refinery

Other Vessels
-------------
43 Manned Navigation Stations
01 Proximan Imperial Crusier
03 Alphan Research Vessels
01 Scout Vessel

Free Traders
------------
Sheild of Mars       Sweet Lily
Gypsy Feet           Rigel Sunrise
Stellar Dance        Starise
Kaor!                The Hell You Say
Precedium Arch       Black Maria
Will-O-Wisp          Jezebel
Second Sight         Wild Card
Dim Mak              Kestrel
Lefthand Thread      Kylian 
Silver Circlet       Rimshot
Wave Dancer          Bright Idea
Single Toss          Masque
TouchStone           Surrender None
Bell of Antilles     KYFHO
Spirit of Salem      TANSTAAFL
Linda's Guess        Bishop High
Double Vision        Penny Bright
Dead Ringer          Captain Freeling
Pheonix of Venus     Masada Ward[2]
Flying Dutchman      Sodom's Light
Herald               3G
Rolling Stone        Single Faith
Black Drop[3]        Hand of Charity
Up in Alms           Icarus
Silent Running       Prince of Barsoom
Dream Weaver         Elysian Dragon[1]
Elysian Anthem[1]    Rover 2
Okada Knife          Solar Freedom
Carpe Diem           Castaway's Luck
Carpe Noctem         Elysian Freedom[1]
Usher                Terran Fears
Vegan Lynx           Blue Jump
Illyrian             Angel's Test
DaScat               Virgin Hawk
Ducal Chariot        Monkey Wrench
Rare Sight           Pilate's Dream
Tocatta              One Jump
Godspeed             New Life
Double Deuce         Gunga Din
Morris Deite

Deledan Ore Tugs     
-------------------  
Known by standard registry numbers

Alphan State Merchanters
-------------------------
Maxon'arta
Jakarti'Garn
Kyrta'Raton
Op'nar'Ga
Loryn'Fa
Hurtym'Haz
Xyon'atk
Yrt'Narym
Rat'Imort
Jhik'Gan
Poryt'Negarth
Hagaz'Wik
Rap'Naga
Ryn'Hurt
Ym'Hax
Hax'Laka
Hrax'Atym
Urym'Jix
Koxhom'ter
Rakaz'Fark
Itim'Gret

Elysian Trader
---------------
Elysian Stance[5]

Mushima Star Super Barges
-------------------------
Titan
Zeus
Gorgon
Jupiter

Stellar Engineering Super Barges
--------------------------------
El Dorado
Rio Bravo

Stellar Engineering Spaceborne Refinery
---------------------------------------
Castellan 

Manned Navigation Stations
-----------------------------
ID'd by Nav-01 to Nav-56

Proximan Imperial Cruiser
-------------------------
The Kratista 
with 6 Combat Shuttles

Alphan Research Vessels
-----------------------
Xor'Tavk
Na'Kort
Taz'Kotam

Scout Vessel
------------
Kit Carson

[1] Ships created as a result of the Antilles Evacuation, granted Elysian Registry and Name
[2] The Masada Ward was a fairly well known Q-Ship during the Triculture war
[3] "Black Drop" is a MI term for a jump into unknown opposition
[4] "Blue Jump" is a blind transition 
[5] The Stance is visibly Armed
E 2
I 1
E 1
