h65215
s 00044/00000/00000
d D 1.1 99/12/02 16:01:43 jmochel 2 1
cC
cK27386
cO-rw-rw-rw-
e
s 00000/00000/00000
d D 1.0 99/12/02 16:01:39 jmochel 1 0
c BitKeeper file G:/SpaceHybrid/worlds/ea/assguild.lst
cBjmochel@devilmountain.bedford.foliage.com|ChangeSet|19991202203126|52994|e2968a7f5cb68f67
cHdevilmountain.bedford.foliage.com
cK45010
cPworlds/ea/assguild.lst
cReb4786405cb68f68
cZ-05:00
c______________________________________________________________________
e
u
U
f e 0
f x 33
t
T
I 2
Listing of Assassins Guilds of Ea 

Guild Name               Headmaster          City or Area


Slayer's BrotherHood     Soujourner          Caithnard
AKA Shadowjacks                                      
[]-----------------------------------------------------------------[]
- Tends to handle mostly pure killings and beatings


Wraith Guild             Chaman              Caithnard
[]-----------------------------------------------------------------[]
- A spying and sabotage oriented group 


Karitheen                Shiva               Caithnard
[]-----------------------------------------------------------------[]
- Specializes in the assassination of mages 


Silver Hand              Konon Dirk          Overlook Range
AKA Swallow's Guild
[]-----------------------------------------------------------------[]
- An honoured and strictly specialized bounty hunter group


Red Cloaks               Kareem Anoba        Kasan Desert
[]-----------------------------------------------------------------[]
- Also known as walkers under the sand.


Shivendar                Dawning Pheonix     Temeroth
[]-----------------------------------------------------------------[]
- All women grouping. Strong in Poisons and Stealth. 


Iga Ninja                Tomodachi Tsujima   Eyodo
[]-----------------------------------------------------------------[]
- Mage assassins. Little is known of their motivations.




E 2
I 1
E 1
