h55757
s 00091/00000/00000
d D 1.1 99/12/02 16:09:16 jmochel 2 1
cC
cK19470
cO-rw-rw-rw-
e
s 00000/00000/00000
d D 1.0 99/12/02 16:09:12 jmochel 1 0
c BitKeeper file G:/SpaceHybrid/todo/shcat.lst
cBjmochel@devilmountain.bedford.foliage.com|ChangeSet|19991202203126|52994|e2968a7f5cb68f67
cHdevilmountain.bedford.foliage.com
cK45055
cPtodo/shcat.lst
cReb4787c35cb68f68
cZ-05:00
c______________________________________________________________________
e
u
U
f e 0
f x 33
t
T
I 2
Space Hybrid Book Composition Listing

Paradigm Manual
	Title Page
	Quote Page: Dictionary entry for paradigm
	TOC
	TOFifigures
	TOTables
	
	Intro
		General
		What and Where 
		Read me in this order.
		How to play ...
		Glossary
		Rolling the dice
		
	Character Generation
		Intro
		What a PC is
		Character Statisitics
		Education
		Background Generation
		Ads/Disads
		Skills

	Skills
		Skills
		Skill packages

	Extra Ordinary Powers
		Psionics
		Ki
		Magick

	Playing Mechanics

	Science and Technology

	Cultural

	Appendices
		Tables
				
	Indices	
	

GMs Advisor
	GM advice
	Design Notes
		Weapon Design Notes
		Ship Design Notes

			
Players Guidebook
	Title Page
	TOC
	TOF
	TOT

	Intro
		Should tables differ from the Paradigm Manual ?

	Character Generation
		Same as paradigm ?
			
	Skills
		Same as paradigm, ?
	
	Playing Mechanics

	Playing Style
	
	
Skill Listing
		

Instance Manual: The Confed
	History
	Racial Sketches

	
Instance Manual: The Terrans
Instance Manual: The Alphans
Instance Manual: The Proximans
Instance Manual: The Yisdaak





E 2
I 1
E 1
